// Jest Snapshot v1, https://goo.gl/fbAQLP

exports[`basePath + loadPaths 1`] = `"data:image/png;base64,iVBORw0KGgoAAAANSUhEUgAAAMgAAAA5CAMAAABESJQQAAAA9lBMVEX///8AAABkZGQGBgbt7e1cXFwJCQkSEhL7+/s4ODgNDQ2xsbH9/f34+PjKysrBwcGenp7c3NwzMzMWFha+vr5WVlYrKysmJibo6OjOzs7ExMRfX19RUVFISEjZ2dmMjIx7e3t4eHhEREQZGRm1tbVZWVk/Pz8vLy/j4+PW1taioqIgICAcHBzw8PDg4OCoqKiSkpKPj48PDw/x8fHGxsaWlpaHh4d+fn6urq5MTEw8PDzS0tKCgoJwcHC8vLx1dXVra2toaGgjIyPz8/O5ubnl5eXv7+9ycnKampr19fWrq6ulpaVBQUGZmZlmZmZOTk6EhISJiYnm4ODBAAAKuklEQVRo3tVZh3LjNhBdiJRESlS1VaxerGLVk9xk+WRb7j63y///TAgC4AIErWQyk4zzJpNjgQi8LW8XMPxnSMG/DOvjIuKjWsgB7Ecuou5lr+f+P3LdAAbzhL7vFCKRuQlBTM8iGmpnAMeRufvLQ/eu/TNnwt/AQXZRMXMnB5f7LfxUk/50VvOuN+2PzeK6+gpBOO04kVAGOCcyBuA47opaS3y0bM9AxsvvPRKCV7BsMhmt+S9jy00ZduCwuRgCbOj3Y4QYREb8ZxKOE/KTJISg6r9u06mO+rZt+4+6NCieJkTB8occNAO20HHCkA1wB3BKVOyt4Cv8yrvvbQDrPk9w7puqLWZ+q8CvmP/mLNyd/G1M8leWcDQBGpxWPPr+nN1OYt53cWjPe7ltHOcu59nsmjCk3d+JiZHJMYRiyGzpmefxVoy2qVnNprg9hX1xWYBQ7PsjJfT51CY0xt7VesRWcdcoKIN/Mh+BwA//Wx32ifxNhAj8hDBUWHRv2F1GDD5i98/C0RbEuUXLO4l0FQ0Ys4dzGO553loAYkSfXAHjxb2Jtk66tx333y193s8cOABrwpG3wrKDe46rwYlIjDv+XgTbObTYRQ92EvmUn2XEs/LYI9lQg9F9aLB5uTSUJHl9JokpwD1dy5xLXhGtrKHFXyW4LS65ByZTYIjyAX3YsIvobiIdWYjYzMVj+PAugll6ZAi78PypKplbAZi6jkwciCcXBFMHoUZS3+I+5sFgC+9t+YAaT0fyezeROiCeWLw0YKi9QjFw6EWNuz3MzhkQqIlwGUIADV/9RfCmSoEAuvFT3GbLethNpIUJUmC+vQTmTOMSNLhDRjRoSkLcBDDlswBBj1xDAMeiBOEnLB6HG0CPcCIDZg3rbxIZMeIXDdfNS5QBFeUE6Vg0sxneNUXHaMMAjOWCjcsF8fHmqER+Bz1Sgy6hMHK7iYzYZ87YdwZenjaZ8jqAkKRr6KYDSreEy4RKbWEwU2oZ8kbZcdEyhKjWA1L94c8xYBcXu4nk28nzXo/RKPGwqH5df9KEHKBHRhCo9W1A/KYjWO4j0E6ibg5RbhUivAwNUL/SO4kgtnMLLeaimAonskUiWaUIGca+dMent7XpZ5TFtajkhsjhWrhHkqgZe8mviKBhJkezHCZCHBVeQ57YSERdZC4npXONzX0mxSfGUPwK0oKImOVCJVIes4Bhac+xzn1N5N3r1yYLuVxwA0AInDzpIJEFhMIctsdeQ7l4CM2yLn1sq8Yw91Qil+z2BJTGPP4LNFyxV+6b0wktTEj2hTe2h6DjxNUZJEIuQ1g023uGJzcHDuiYxXj5aRGlcDxOVCJzLsY4su9FY10L+IpPBMolmhJYta5DegI01DuqFklcBYt/pCve2f380wzfYOfR4amizmIrRExv1SUHiRjHZtzj8wWRZ88cn9RtRwEi3UboLsZ9mjbYt93/mneycF0bREGicAIK5n7pN+kHsCc5MBQir94Ni5KWl8jLF8jlPQNdaqGFwuPQtU8a2KoI5dbZx4burDEmjcmEa7U5CLyLLrHTbm+2BTtBrz9MkGD7Em31+XbNVJqvc6mqROXSmKDjzryre90juHvs0Ohy/ERAlgrWLKbnfA1wVaJ8c3J0DM4awiDDFn19i4WE9riJR7XOkAOu63Jl35cLWRuJME9N0iFERJBPqdvW/GYgtPFS76Uq7r8rItpL64b+2+JG7nUXKzWlDPoafdbhG0IQ1qUfFJ01GvbYS1rg2EhE4B1FRg0t303lW98FqEpdhfuCWoNeHHKBLlNyS9phlbn2aLHore8Em7FJKkhkJbpfJBKlU/vi0xNE0D81tY4gEeFcIyVClCOOGnznqcchEqEecfFQD626KBzo6XPmECSCmfgQx/btVF1Y3yeCDVREI1JRDc6DJIWnGv2PnGvul9zPMY9bDK3EjA1ue0lthRdHgi5xbqmlsOVimFgykWduJmzjMNnlrmweJPIDEJ9+6sFwTBB70SjXo3ZKDr1b0V6sqIrZ+6GtQAH3aE0qWRqRuImhRYmsEuqWLVUPEDllTRUS0TaQaSn6Ht+IAhR5JGLjogy0IkIaO+WahwpmlYSipGUiNx6/M7XJVImYXbSNnCMIpygl5l1P45EElUhe1jPMWxXPvuNzeySRkzabAk1F8jkPRA6JKGdRR0hEKxWniiAc9hUanQyEE8EUjIVEV9Zvmn5JZkwzM2F0N2LqA8TQkImg1nwiEe384JgzFWjcfPqdkx83SGQAiHu2NQMNr/6sa1GrM0kvf5e30lmMOSEcRbqAnR45UPa+GfwKIiId0KQcz3SHi/fDw0MRcDoR/Hhomrzkxdmls/Qazsdqn+2COsMb3iBMaWiJLi3/CH9FxCl5REaO8IhOpCmlTct+1/pwLdkRNnKTkeIlp0xjzIC7JnfDW9avVoYp9VpF7FRDkx3PwAxe+v8I69UXWDbpNKUfzi4i/EtKDc2AihVPMIt247Fn5p964YrtbrGWVTDzAzjQiJww/vxw/IZbJqQlruBqi81GKBF91Z3wo/+BSEWHL7vUWWVQ0DxsJSI/ddnDQyVleoOMZPmzA4ei6BKL68h6YWoH0EJedCJ2SlsFxQ0XH+NV31OTqESkoG/FtFb8FyeSFabSdeaxi521U/UrezupbY807b7AgEc44mh0Dg+62pvcVN0HJLLVDys09ydlIs4YiUhgT9/EsaIP+wlFEY/8N6AV6vgUJLRF9baY+Tvhxs4gERQfdLW64XCs35zIuZB3nchImBrLNXL5kRJ9YZcE9BcXEjO1XGIEzqWmVevk8ffdx2CuG4ETZAcmcmQviKw8WPwZljlPOveIir3N3KstS7Elx1kLYsiL/LcDgRGXqO4dhDmsTrWJYxZaUOWWI23gV9luhVcqRNnveccP+mlkbI8YHTzWkEM+FRFPWvi1KRZrU0TItbrjxAb4XowdaieCHLb25BR50js9r/DUpUUQgxzMnMAfhPPswWVRPEiU1RLpbzJyMey25Z0wwyv4zbapHaQJrPBsnM2Vw8BTTgsPLoiE+pBXG4E5tlWIzxkNdUMepLe3t6Z3MMdQTUuxhz+Li8s/tFQX2Dukizzz7yP4h0iKUgP3oQriLYsdDXEkcTsgIdHvr/EnZ2rbJunNEZLtF06mgSlLF/j66SW4U8Zf1usE4UY/JjGme5loSONkGKOrCfkCsfosdAUeu4YydGxhQdRQEj6bVkvkS8RppGWj1aiHXmkZ42pwV+3ejhPxroERMVOX9CRO73QU3W81MT2UUW3e2xU+C4WLut13hxY2HpHLz1402rqOMvQG3WKxXovjfni4XrsDELXO2r4tFtaua6L35UCXPcw5fqG9O54Ny41MOp05qGQymRfcbknnHQ/J+0zmcDUfXWXc9v7+apV1r7Av0eKqB38XlmlZ7vczFfyajjt3SCUD/wwnt4LJI/wdlGvIowbfCTORz90V/DWyUgoW4JvhfCkydwq7kbuQEvIUvh1mTwYXnMWuEH75w0Ae+Rl8R6RF5JeyX1Exf4xld1jwTZH+EMJ8ni5rGf4rczORyvDTA3xjXJ0WDb7Q7SY9ZXhMN7fbrVxkl9XTMnxzpI6aBT94OIiCcSRpwv8DRycnrfwgQTQM8vmnyhT+Z8jtj7LZP9ofN728vbneLrLZDPzH+BPCufaJraBKlQAAAABJRU5ErkJggg=="`;

exports[`discard query + preserve hash 1`] = `"data:image/jpeg;base64,/9j/4AAQSkZJRgABAQEASABIAAD/2wBDABALDA4MChAODQ4SERATGCcZGBYWGDAiJBwnOTI8OzgyNzY/R1pMP0NVRDY3TmtPVV1gZWZlPUtvd25idlpjZWH/2wBDARESEhgVGC4ZGS5hQTdBYWFhYWFhYWFhYWFhYWFhYWFhYWFhYWFhYWFhYWFhYWFhYWFhYWFhYWFhYWFhYWFhYWH/wAARCAByAMgDASIAAhEBAxEB/8QAGwAAAQUBAQAAAAAAAAAAAAAABAABAgMFBgf/xAA+EAACAQMCBQEFBgQEBQUAAAABAgMABBESIQUTMUFRYRQiMnGBI5GhscHRBkJS8CRDgpIVM7Lh8TRTYnLC/8QAGQEAAwEBAQAAAAAAAAAAAAAAAgMEAQAF/8QAKxEAAgICAQMDAwMFAAAAAAAAAAECEQMSITFBUQQTIhQycSNh8IGRobHh/9oADAMBAAIRAxEAPwDA4hLHzMRLy3BIYIdvr60LzpcY5jY8ZoriJVZmjjVRpOXYfzGhECke82CTj6UuPQOX3EhJKRnU3vdDnGasVrkHHNKsVJ0l8bU8r2ZGnS7SEgFi2PQ4Hiqco82lmUKW6j8K7r2M6dy+O9ESZUNLKw95pD7q/IfrVPtM2c818/Ok6R6EdWYauoI6ecVHTEARqdjkjI2GOx859K1JHNsmLy4ByJnz881Nb65H+YemM1S7cxtRCg4AwowKjitpGW/IUeIXLHLSk/OnHEJxtqX/AG0MKNteFzT2xun1JBgkFV1M+PAoZaxVs2O0nSGPEJiNypHyO/41X7ZclsiUj5dDT8i3dNUF4pYfySLpP7UP0OCCMdjXLV9Ec9l1YSb25xjnGpLfzpj3wcDAyKEok27Dg4u98NdGMfLR++1a6XUxOXkf2+brkA+gwTU04lOjZ1Z/+xJoLHjrSFdqvB20vIaeJ3feQHI++m/4jcZ3diPDMSDQmd6iTXarwdvLyakHFmCulxJNgDKLGx3Pg+B61FuNzs+SCB45h/OswAnfGR88Z9KJvFtl0SWrAK43iPxIfWh1in0C2k11Co+LM068z3UYgOR4qU/FpUd4oZFaNSQrqcahWT1NaFsllcWbpJMYbqPJBY5Vx+/p91dJJc0cpSfFkTxO5IwJG6gj3jVrcZvHG749dRJrO+LBCnHnFT8kjY9PnR6oHZ+TZ4beyXH2b3M0OfhKnY/InvSqng7wmVo3wA2DpPQn08EfiKVSZeJUVY1tG2D30LQ2qLuMsWkz/VUOFqDxS1BAIMmCCM9jWjxvAiBxuW2P1rMsXEV/bSMdlkXf57frT8b2hf5E5EozS/BvQwxlUEkasRgcxYlOoeoxsfXoe9SniQSuscWkhidTxKMfhucfSiLXUimPDFgwDbjfHbqMd/Oc4pXJ1uE94ksAACPd6DH9gYwakt1ZfrHaq4OYuYWa5nWGMsElfZBnAzUrDhxvFZ2ZkhU6dQxkn0+WRV1rOGurhhOURpjIygDLID1BI2OPFanEhcWaaraESq42Izvk/FjznYjsapnOUfiiGEYy5ZhcSCLetFHHGixAJ7gxnHc+vmhsVOTmcx+bq5mo69XXPfNQNOiqSQqTt2M3wnftXZWE86WYgiiQokSkcxCuWwMYOdxv2rjsZGD0NdJZ8Qurjh0SJbMVhQRGRMEknHY9thU/qY2kOwOmwiRUuYZfabZMqGOprflsMZ7ZO3jNc1cQ8tYnGxkXJXHw+g89a6Vr6W5EsNyircoApXUSHzsGHkVzd6pS8ljLswjblqWOcAdBQ+ntNoPPWqYP+danPkb+Fng5fuJdLh8dup39GIH1FZgzmmAJcABiScBRk5PyqmUU6JU6H/vFXRxJJaTSrnmROmRn+Vsjp5BA+hqSRPBOvtNsxyDpSRSAW7Z8geKNiu5vYboSiGRRysI8S6d2PgD96Gcn2CjHyZhjYDPao+lFzcoyE2+oRlQdDnJRj1XPfB7+MVTKoG48USkc4+CvOFG33U2k+cb4qW2R6UgNseaIAutBFrCSwLIG3Z9RyoAz06dqKaSKaOO3S1MYdl2xjTgnIzjOcd/Wh7VVYtqBwQUJ8DGT884x9a0JGTXHK8inlSE6VY+9t6nG2/zApE62HRT1ArjiQmjWOCHlx9MMeq+NqnBHwx4lWSWZXwMl9hn6UGi504PwrvUwpOTkU320lS4A9x3b5NSPh9uS3JkyEwQyt37DPpSqfBwDBkAE6mI+fmlUk5SjJqyqMU4p0VccBUe83Rs79OtCWlpFxCFYYHSO+HuiKQ4W4XsVbs46EHrtWzJHDLxBOeoZUBYA9CR0/Oubn0tNLghlLbEd6dhdrUVmjzsGre3sNwtvccsOjaD7QoynbdvT9qUt/eOk/KeELGDreFNJIO3Xr5/GgHYuQWYkjO56nNSjkeFi0bbkYORsaboutcivclVW6DEEMdksiSMuljy2VfeB9e2fTfY49aohvLmGYSwylG7KN1Hpg9qHwABgdOnpSzW6rvyDs+xOV3mkaWRtTudTHyausNPMlLac6Mrq+e/4UOASwVQWY7ADvWvZcKUYe7TJ7Ieg+dBklGMaY7DjlOXBmaIw2VLTIPiOnC1q8MtuJW16siKoEpw4ZtsdB06HqAPnRcoUzW1sqEqW1FIxuQozt9cV0XDGig4RJLJGnK952BwcgbD8sVPLLsqrqNljWOXBzt+stjcxXUg0lRol2zpU9/kDQHEOH/4sus6/bksMjOTjfp2710c9pOYrkYjd1C687GMkDIUdxvjFc/dcKkg4tGtgGlZWBVV6xr2JPYEZ+oI3ocTq+ao3I01XUzZbeSAZkTC/1A5FX8HkNrxW3nkhkdCCo0jcagQGH41u3nDnR01sjGQ4zp93X4HqfXr02oXiSrFbrcECUxYDbbMpxtj/AGkeKP31kjr5AeFJ2mXcWeNuFSiNgzQpkMBjO/8A5rMjigfh9yy3iZZ02aJlHu7n/qG+OxoS4u3njVNOlF2O+5Hj8vqKH2xv26UzHiajV9wMmVSdlkZOknyfNSbJU+fFMvQDfpV1tAbq5igBIDH3iOyjqf780baXJiTfAL1p8Gtu74Mkszm2ZYgvxBjhfn6dh60G/B75AfsQxGNQVskA9DWxzQkupksE49iXDGzazRjGeaHO/bTgH7/zoi6IihkLKuy+PuFBQ2l6sw5UZSTfBJA+Y3qN285LJcHBQ4KhQBn9aW4KU7TGxyOGPVpgqnceamGGO/pUD1FWW6q80aN8LMAflVLdckiV8G1wME2/XcnpjPmlRlrAltJNFENKAjT6ffSrypvaTZ6cFUUjO47lQSpwDsR0xk71hDY7eK6Dj+GiDAEE7kfWsDG58Vdg+wiz/cLNInPmmNKniRVJckhR1OwqIFGcJVWvQzfyDNDJ6psOEdpKJq2dtDw6ASSgmZzpG2SSeiqPNHQW17ea1t44FaPAZZZsMvzABx/5oeAtbXQu8/aR6mXHQAg5G/nzWnwy4meeQ8uON2GXbLaTncAL1GDn+zXl5HKnJcnoylKFQhwjOm4dxC24kl1PFy4hGUMsTaxHnqSOv1xXQWKRPwu0WT4FOVXrzCCcfMA4PikbqaGYGe5iVFwSukaiD27Yqu0ubVXnWGBYdGWLZADDO5B6BaWs0krcf7fz/QiSlLliNpJLz0kdo4rhg2Izh22AOT26dvvqMrWHB7LU7R28Gc+rnwO7H+80HccalvWaDg0HtbA+/M2Vt4vUk/F+VQgsrGKVpuI3q8R4hOj6XbZIRoY+6vbp+VFDBkyO8jpeAXOlwZ3EOKX9+qvawm3tNmQH45cb7nsNugojiUkV3waaSDBWZFfA23zuPpvQVlIn/C7RgpDNGFLdj1H3ilZRkxM5Y6SxAHgA/qfSnKEV0VUx6jceObMRhjbOe9RPStK+tkBPLGNsrjyOoPz65oBE1qWI92rozTVkU8bjKiUZyCa3eE23s1obqUfazD3B0wvb7zv8q59cM5C9D/ZrYg43j7O7hWTbHMjUZ+qn9KTmUmqiNxOKds2IsKj6mGdOcsmoEdxgeasbRkKqgOGAKuTpZlUHGx8ZoSG7sp3HJuVjk7JkqT8ge9XIs/vKrMfkuxP71H06l26l0G15mYqSyklgSOu3WsC/LG+vCx25xOPurohA4GoAttsChGa5/ioMfE58rjmBZADkdRg/lTcD+Qn1DumjPddLDwelSGwDDbfbHWlKMFcdQacAYJzv2q+PKPPmqZv8Okkmsy8jFmc4J80qbhe3Dxhc9vr/AGaVQTVTdFsX8VZHji/4Vh4OxPiufbpXR8aDNbSE/FnBGO1YMELXVwsMZAds4z374+dU+nf6ZPnXyRRjt3PSijw+dThngRu6u5yPQ7Y/Gmv7CexCGXJLbr7uNxv5ruX4lC0UE8dvGYplD4LHcHAwMdDvn/SaPJkcaoUlZ5+8bxOUkXDDf6diPSieFyrFeLrICsCDVnHnjbjNyY05SLpXTnOnCjO9ALRVvCn3NjLSVrsdI86yuLa3BeaY6QvXbuduwGa0YbO4s25VpMeYZPeSRtWrCgrnx4rmOF8SueHXBktWUMwAdJBlZAPPg+tbEH8TRwXLTy8MuBM5ORHKCpzj9qgy4skeIK0VPNvyasttxSaRVa2jUjbmCYFV9cEZrK/iE2qXcdlcTNyYYhJO2fjlJGnV52B27ZqF9/F97JBi1tfZA+wlkOoj5CsawRZ7rm3DnkREyyvIcmRvXyT48fOsxYci+eTivH8f9Ad3JpGpzzEjcmdgZgsaoNjyzjoPyoS5bh8jj2m7nPLGkRICSvkE4yTWbPLJc3D3Dkh3OoeV8Y+VX3csN5Es7MI7oDTIp6SY6EetVLE41ZryqV0v+mjwyWOeKe1t2witrVJNsg+PUH86vtXXBgY4ZSSAe4JrnYpGhlSQAEqfhYZBHcGthJYLyEPHohZB8Gs6h/fmgyY6f7MPDm7dy29Iij1t7qrn/UfArJfoqA7AdKe4Vub75J27nNM4JRX2AxTscNUhGbJu3xQ0eFDOflUVLFicnel1Q57NT6u+PpTUhLfCSCLO4a2vILt4TKkDh8fCDvjr86g9y0lxJMxcPI7OSpIwSc9qOwGs5LNHgMCxcxZRKMPMMMdyeh3GMDoKy9Wx60CjFu6O2aL2md8hJJs+eY371GNSQGbJbocnJz9arV9JyOtWF/tNe2lh0FdrXCDUr5ZFiC248k06g6Dk70zHJznORvUl2J2JGP0o49hc+50vBAp4cFx6ZPalT8DZjw9PRjj9KVeXmbWSVeT0Mf2L8C4sha2JY5+nXrWHwCOd+O2Hs66pFk1emADnPpv+NdHxTS9q4zvkftQP8MW3tFreFJo4pFkAZmGGI05ABG/Y7fOqPTyrGyfPy0S/jeK7LWUtxEqJ76DRuAdjufJA/CsvhS8yxvdbyZtUE0IEpUKSSPhAOSTXSXNjFdwyK95A5GVKsTjIGoYyN9u/7VznC+SUVYpJHnmZGYaNICplsD1JwPFNTWgpK5IK4bZ6GWa/jjm5h1sxGZE2+In8QPWhL/h782SWEIUC6vdGCR5I6ZPgeK2COa4KlSJf+ZgdD2H/AOvSonIBjTrEdQz+J/X5VKs0lLYv+mg1Rz1sAsoZckgZG1XPfQ2oKQRpO56llwqH9T93zqq6ZYribkjQhBEY7gHsfXrQLKEYAdMbVbqpu2RKTgtUW3E811KZp35khHXGAB4AHSqxj+kZ7VIZxTHenKNLgW3Ygc7eabJJAHWmAIJIDEDc4GcVa8EkEnLmXS+Aeucg7gg9xWX2MI4xkY6UxYqVdWKsOjA4IqTLhsZqvGtsDpWvhHIKluDcxqXwJVONttQx1qosNKxgEsze6BSxuB92KsjkkjVghC6ty2Bn6HtSlwqQTlbtkQDy3z2IPSo7irDAWTnTiZUJwpEZ+0PcAnb1qK6dWGB+QOcfWtsFkceRvSx3ziptjUd8inViNgN62zCroN81a6aQqj4gMmnUAjBGw3p8AgufdbO3n61lm9ioAnI6Eb/hU8MGzhgNsHFTEecnpgEk0Xw+xn4jcpbQAM2OYQcgKud8n8q7auTWuDd4CoXhy80aT1ORjG9KoXDw2rvaoxBjfQTp053yBt4G2e9KoJRbk2z0IfagSXiUUkch1adX8unPTt86p4O6C6uVUhhy+YHIwVOc/ftWZJIocjUM9MZGalaXJt5NeVfYjTr0538irfbSTSPPc2+p1T+97UVClUUbY+Ea2Yf9VcpwtlWaAsrMpTBCtg5xtv8AjRY4zIGYqgGpBGRzm3A6A7UDEXhOqJ2Rk+EqMFaGMGk0zd6kmdLJNmR29kOG6+82SfI29f7zVcE4a4dWt2QbatJbfpj1P/ceKwfa5S2Cz/Mysfu3pe1SA6lLg7/5rA/gfQUn6d1RV9QvI14FN25AYaicqexzQ7KCcHp2qUkjSHLOzYGkEnOB4psEnYY9KqSpUSSlcm0QIK//ACHkVHI1YzvREKxtOomcrH3OfwzWhPNw4w8tYkbA2KfvWSyOLSqxkMeybbSLuGIsdiiDd5lEsg7kHOn7gPxq24sRPCFbLFc8p/5o++D/AFKT26jqKw1cgjQWXAwDncDwKPtuKyINMw1D+o9annjmnvFlOPLicfbmZ08EscumZSjeK6Hh/A+CzWMEs/GTFJIgLx5QaW7jcdqEubi0uoSHb3uo85rMSSWPKRyuFznY4z60xSlNc8MRkxxhLh2jqW4F/DMO0/F3DA4KmdQQfBwKm/Cf4WijKPduZNOV/wAQxPTI/SubN5eOXZriQ69zgjc1F7q5YBefMAMZGvZsdNqxRnxbA+H7msTFc28RvbbmSoD8RwASSSMfM/ifSm5PDWO9iqA/0gg9fQ58/cPNAaxJmRLiO3LDLxuzKIyDvoAByp8dR0pTXSgIsLTswOZJGCjWnlQOjddvl3oHil5/yx3uYq5iFXnCIuQbiwdyEGXhZtWxzgqcZ3wdjuKz7a2lu5CluoYhdRy2ABXRi8srS1LxSxtE2GAEoLPjcKE6gk4yTjGKG4BOkVrNAVbUpxnbBz0YnqCMY8UEMk9G6uugEoRckkYjwOwCszRkkjBXJbt1zjrtThMjTsu+AT+f0rQvhi2DBMKISTk7qSS2Bq909R8O+9AyaTw9xsGaOCQ+p0/9qrEtEI1ZEeVn5qDAOkYAPj7qM4LxyfhkkxijUiUZx69snqQP+3c0BZuNMsTg6HXsO/Qj0JB6+QKmsKqukHOSCW9PPpXNLozG6Due7P77MzsdTM5ySfNKoQx5bGwPQ0qGjLZ29zYWfOhHskHf/LHms8WNn7Yy+ywadLbcsY6UqVeVs7fJaugF7Fac1h7LDjRnHLFQWytCJB7LDs4A+zFKlTtpeTZpUVvY2gBxawD3v/bHmox2drzSPZocBWPwClSo1J11ApFS2tuetvEf9ApmtLYD/wBPF/sFKlRuTvqFFIrvbaBXTTBGMqc4QeaqW2g1D7CP4h/IKVKiTevUBpbMrkghEJIiQHJ/lHmorbwlYyYoySf6RSpUy3QFKyvkxY/5adP6RUZI0DHCKMHx6UqVGmBSHEaZxoXHjHrSdE5re6vXxSpVpgyqPZ32HaoqAEOABtSpVoLJYAIwBuBmqpGZfhYjUCGweo9aVKuOD+JySYT3299QG3+IeDSIHJkGBgwQgj000qVb2CfUrCrysaRjHTHrVkqgRx4AGWbO3rSpUIsvhA1vsPh/WlSpVprP/9k=#hash"`;

exports[`svg 1`] = `"data:image/svg+xml;charset=utf-8,%3Csvg%20xmlns%3D%22http%3A%2F%2Fwww.w3.org%2F2000%2Fsvg%22%20width%3D%22160%22%20height%3D%22120%22%3E%0D%0A%20%20%3Cpath%20fill%3D%22%234d4d4d%22%20d%3D%22M160%20120h-160l40-120h80z%22%2F%3E%0D%0A%3C%2Fsvg%3E"`;

exports[`w/o options 1`] = `"data:image/jpeg;base64,/9j/4AAQSkZJRgABAQEASABIAAD/2wBDABALDA4MChAODQ4SERATGCcZGBYWGDAiJBwnOTI8OzgyNzY/R1pMP0NVRDY3TmtPVV1gZWZlPUtvd25idlpjZWH/2wBDARESEhgVGC4ZGS5hQTdBYWFhYWFhYWFhYWFhYWFhYWFhYWFhYWFhYWFhYWFhYWFhYWFhYWFhYWFhYWFhYWFhYWH/wAARCAByAMgDASIAAhEBAxEB/8QAGwAAAQUBAQAAAAAAAAAAAAAABAABAgMFBgf/xAA+EAACAQMCBQEFBgQEBQUAAAABAgMABBESIQUTMUFRYRQiMnGBI5GhscHRBkJS8CRDgpIVM7Lh8TRTYnLC/8QAGQEAAwEBAQAAAAAAAAAAAAAAAgMEAQAF/8QAKxEAAgICAQMDAwMFAAAAAAAAAAECEQMSITFBUQQTIhQycSNh8IGRobHh/9oADAMBAAIRAxEAPwDA4hLHzMRLy3BIYIdvr60LzpcY5jY8ZoriJVZmjjVRpOXYfzGhECke82CTj6UuPQOX3EhJKRnU3vdDnGasVrkHHNKsVJ0l8bU8r2ZGnS7SEgFi2PQ4Hiqco82lmUKW6j8K7r2M6dy+O9ESZUNLKw95pD7q/IfrVPtM2c818/Ok6R6EdWYauoI6ecVHTEARqdjkjI2GOx859K1JHNsmLy4ByJnz881Nb65H+YemM1S7cxtRCg4AwowKjitpGW/IUeIXLHLSk/OnHEJxtqX/AG0MKNteFzT2xun1JBgkFV1M+PAoZaxVs2O0nSGPEJiNypHyO/41X7ZclsiUj5dDT8i3dNUF4pYfySLpP7UP0OCCMdjXLV9Ec9l1YSb25xjnGpLfzpj3wcDAyKEok27Dg4u98NdGMfLR++1a6XUxOXkf2+brkA+gwTU04lOjZ1Z/+xJoLHjrSFdqvB20vIaeJ3feQHI++m/4jcZ3diPDMSDQmd6iTXarwdvLyakHFmCulxJNgDKLGx3Pg+B61FuNzs+SCB45h/OswAnfGR88Z9KJvFtl0SWrAK43iPxIfWh1in0C2k11Co+LM068z3UYgOR4qU/FpUd4oZFaNSQrqcahWT1NaFsllcWbpJMYbqPJBY5Vx+/p91dJJc0cpSfFkTxO5IwJG6gj3jVrcZvHG749dRJrO+LBCnHnFT8kjY9PnR6oHZ+TZ4beyXH2b3M0OfhKnY/InvSqng7wmVo3wA2DpPQn08EfiKVSZeJUVY1tG2D30LQ2qLuMsWkz/VUOFqDxS1BAIMmCCM9jWjxvAiBxuW2P1rMsXEV/bSMdlkXf57frT8b2hf5E5EozS/BvQwxlUEkasRgcxYlOoeoxsfXoe9SniQSuscWkhidTxKMfhucfSiLXUimPDFgwDbjfHbqMd/Oc4pXJ1uE94ksAACPd6DH9gYwakt1ZfrHaq4OYuYWa5nWGMsElfZBnAzUrDhxvFZ2ZkhU6dQxkn0+WRV1rOGurhhOURpjIygDLID1BI2OPFanEhcWaaraESq42Izvk/FjznYjsapnOUfiiGEYy5ZhcSCLetFHHGixAJ7gxnHc+vmhsVOTmcx+bq5mo69XXPfNQNOiqSQqTt2M3wnftXZWE86WYgiiQokSkcxCuWwMYOdxv2rjsZGD0NdJZ8Qurjh0SJbMVhQRGRMEknHY9thU/qY2kOwOmwiRUuYZfabZMqGOprflsMZ7ZO3jNc1cQ8tYnGxkXJXHw+g89a6Vr6W5EsNyircoApXUSHzsGHkVzd6pS8ljLswjblqWOcAdBQ+ntNoPPWqYP+danPkb+Fng5fuJdLh8dup39GIH1FZgzmmAJcABiScBRk5PyqmUU6JU6H/vFXRxJJaTSrnmROmRn+Vsjp5BA+hqSRPBOvtNsxyDpSRSAW7Z8geKNiu5vYboSiGRRysI8S6d2PgD96Gcn2CjHyZhjYDPao+lFzcoyE2+oRlQdDnJRj1XPfB7+MVTKoG48USkc4+CvOFG33U2k+cb4qW2R6UgNseaIAutBFrCSwLIG3Z9RyoAz06dqKaSKaOO3S1MYdl2xjTgnIzjOcd/Wh7VVYtqBwQUJ8DGT884x9a0JGTXHK8inlSE6VY+9t6nG2/zApE62HRT1ArjiQmjWOCHlx9MMeq+NqnBHwx4lWSWZXwMl9hn6UGi504PwrvUwpOTkU320lS4A9x3b5NSPh9uS3JkyEwQyt37DPpSqfBwDBkAE6mI+fmlUk5SjJqyqMU4p0VccBUe83Rs79OtCWlpFxCFYYHSO+HuiKQ4W4XsVbs46EHrtWzJHDLxBOeoZUBYA9CR0/Oubn0tNLghlLbEd6dhdrUVmjzsGre3sNwtvccsOjaD7QoynbdvT9qUt/eOk/KeELGDreFNJIO3Xr5/GgHYuQWYkjO56nNSjkeFi0bbkYORsaboutcivclVW6DEEMdksiSMuljy2VfeB9e2fTfY49aohvLmGYSwylG7KN1Hpg9qHwABgdOnpSzW6rvyDs+xOV3mkaWRtTudTHyausNPMlLac6Mrq+e/4UOASwVQWY7ADvWvZcKUYe7TJ7Ieg+dBklGMaY7DjlOXBmaIw2VLTIPiOnC1q8MtuJW16siKoEpw4ZtsdB06HqAPnRcoUzW1sqEqW1FIxuQozt9cV0XDGig4RJLJGnK952BwcgbD8sVPLLsqrqNljWOXBzt+stjcxXUg0lRol2zpU9/kDQHEOH/4sus6/bksMjOTjfp2710c9pOYrkYjd1C687GMkDIUdxvjFc/dcKkg4tGtgGlZWBVV6xr2JPYEZ+oI3ocTq+ao3I01XUzZbeSAZkTC/1A5FX8HkNrxW3nkhkdCCo0jcagQGH41u3nDnR01sjGQ4zp93X4HqfXr02oXiSrFbrcECUxYDbbMpxtj/AGkeKP31kjr5AeFJ2mXcWeNuFSiNgzQpkMBjO/8A5rMjigfh9yy3iZZ02aJlHu7n/qG+OxoS4u3njVNOlF2O+5Hj8vqKH2xv26UzHiajV9wMmVSdlkZOknyfNSbJU+fFMvQDfpV1tAbq5igBIDH3iOyjqf780baXJiTfAL1p8Gtu74Mkszm2ZYgvxBjhfn6dh60G/B75AfsQxGNQVskA9DWxzQkupksE49iXDGzazRjGeaHO/bTgH7/zoi6IihkLKuy+PuFBQ2l6sw5UZSTfBJA+Y3qN285LJcHBQ4KhQBn9aW4KU7TGxyOGPVpgqnceamGGO/pUD1FWW6q80aN8LMAflVLdckiV8G1wME2/XcnpjPmlRlrAltJNFENKAjT6ffSrypvaTZ6cFUUjO47lQSpwDsR0xk71hDY7eK6Dj+GiDAEE7kfWsDG58Vdg+wiz/cLNInPmmNKniRVJckhR1OwqIFGcJVWvQzfyDNDJ6psOEdpKJq2dtDw6ASSgmZzpG2SSeiqPNHQW17ea1t44FaPAZZZsMvzABx/5oeAtbXQu8/aR6mXHQAg5G/nzWnwy4meeQ8uON2GXbLaTncAL1GDn+zXl5HKnJcnoylKFQhwjOm4dxC24kl1PFy4hGUMsTaxHnqSOv1xXQWKRPwu0WT4FOVXrzCCcfMA4PikbqaGYGe5iVFwSukaiD27Yqu0ubVXnWGBYdGWLZADDO5B6BaWs0krcf7fz/QiSlLliNpJLz0kdo4rhg2Izh22AOT26dvvqMrWHB7LU7R28Gc+rnwO7H+80HccalvWaDg0HtbA+/M2Vt4vUk/F+VQgsrGKVpuI3q8R4hOj6XbZIRoY+6vbp+VFDBkyO8jpeAXOlwZ3EOKX9+qvawm3tNmQH45cb7nsNugojiUkV3waaSDBWZFfA23zuPpvQVlIn/C7RgpDNGFLdj1H3ilZRkxM5Y6SxAHgA/qfSnKEV0VUx6jceObMRhjbOe9RPStK+tkBPLGNsrjyOoPz65oBE1qWI92rozTVkU8bjKiUZyCa3eE23s1obqUfazD3B0wvb7zv8q59cM5C9D/ZrYg43j7O7hWTbHMjUZ+qn9KTmUmqiNxOKds2IsKj6mGdOcsmoEdxgeasbRkKqgOGAKuTpZlUHGx8ZoSG7sp3HJuVjk7JkqT8ge9XIs/vKrMfkuxP71H06l26l0G15mYqSyklgSOu3WsC/LG+vCx25xOPurohA4GoAttsChGa5/ioMfE58rjmBZADkdRg/lTcD+Qn1DumjPddLDwelSGwDDbfbHWlKMFcdQacAYJzv2q+PKPPmqZv8Okkmsy8jFmc4J80qbhe3Dxhc9vr/AGaVQTVTdFsX8VZHji/4Vh4OxPiufbpXR8aDNbSE/FnBGO1YMELXVwsMZAds4z374+dU+nf6ZPnXyRRjt3PSijw+dThngRu6u5yPQ7Y/Gmv7CexCGXJLbr7uNxv5ruX4lC0UE8dvGYplD4LHcHAwMdDvn/SaPJkcaoUlZ5+8bxOUkXDDf6diPSieFyrFeLrICsCDVnHnjbjNyY05SLpXTnOnCjO9ALRVvCn3NjLSVrsdI86yuLa3BeaY6QvXbuduwGa0YbO4s25VpMeYZPeSRtWrCgrnx4rmOF8SueHXBktWUMwAdJBlZAPPg+tbEH8TRwXLTy8MuBM5ORHKCpzj9qgy4skeIK0VPNvyasttxSaRVa2jUjbmCYFV9cEZrK/iE2qXcdlcTNyYYhJO2fjlJGnV52B27ZqF9/F97JBi1tfZA+wlkOoj5CsawRZ7rm3DnkREyyvIcmRvXyT48fOsxYci+eTivH8f9Ad3JpGpzzEjcmdgZgsaoNjyzjoPyoS5bh8jj2m7nPLGkRICSvkE4yTWbPLJc3D3Dkh3OoeV8Y+VX3csN5Es7MI7oDTIp6SY6EetVLE41ZryqV0v+mjwyWOeKe1t2witrVJNsg+PUH86vtXXBgY4ZSSAe4JrnYpGhlSQAEqfhYZBHcGthJYLyEPHohZB8Gs6h/fmgyY6f7MPDm7dy29Iij1t7qrn/UfArJfoqA7AdKe4Vub75J27nNM4JRX2AxTscNUhGbJu3xQ0eFDOflUVLFicnel1Q57NT6u+PpTUhLfCSCLO4a2vILt4TKkDh8fCDvjr86g9y0lxJMxcPI7OSpIwSc9qOwGs5LNHgMCxcxZRKMPMMMdyeh3GMDoKy9Wx60CjFu6O2aL2md8hJJs+eY371GNSQGbJbocnJz9arV9JyOtWF/tNe2lh0FdrXCDUr5ZFiC248k06g6Dk70zHJznORvUl2J2JGP0o49hc+50vBAp4cFx6ZPalT8DZjw9PRjj9KVeXmbWSVeT0Mf2L8C4sha2JY5+nXrWHwCOd+O2Hs66pFk1emADnPpv+NdHxTS9q4zvkftQP8MW3tFreFJo4pFkAZmGGI05ABG/Y7fOqPTyrGyfPy0S/jeK7LWUtxEqJ76DRuAdjufJA/CsvhS8yxvdbyZtUE0IEpUKSSPhAOSTXSXNjFdwyK95A5GVKsTjIGoYyN9u/7VznC+SUVYpJHnmZGYaNICplsD1JwPFNTWgpK5IK4bZ6GWa/jjm5h1sxGZE2+In8QPWhL/h782SWEIUC6vdGCR5I6ZPgeK2COa4KlSJf+ZgdD2H/AOvSonIBjTrEdQz+J/X5VKs0lLYv+mg1Rz1sAsoZckgZG1XPfQ2oKQRpO56llwqH9T93zqq6ZYribkjQhBEY7gHsfXrQLKEYAdMbVbqpu2RKTgtUW3E811KZp35khHXGAB4AHSqxj+kZ7VIZxTHenKNLgW3Ygc7eabJJAHWmAIJIDEDc4GcVa8EkEnLmXS+Aeucg7gg9xWX2MI4xkY6UxYqVdWKsOjA4IqTLhsZqvGtsDpWvhHIKluDcxqXwJVONttQx1qosNKxgEsze6BSxuB92KsjkkjVghC6ty2Bn6HtSlwqQTlbtkQDy3z2IPSo7irDAWTnTiZUJwpEZ+0PcAnb1qK6dWGB+QOcfWtsFkceRvSx3ziptjUd8inViNgN62zCroN81a6aQqj4gMmnUAjBGw3p8AgufdbO3n61lm9ioAnI6Eb/hU8MGzhgNsHFTEecnpgEk0Xw+xn4jcpbQAM2OYQcgKud8n8q7auTWuDd4CoXhy80aT1ORjG9KoXDw2rvaoxBjfQTp053yBt4G2e9KoJRbk2z0IfagSXiUUkch1adX8unPTt86p4O6C6uVUhhy+YHIwVOc/ftWZJIocjUM9MZGalaXJt5NeVfYjTr0538irfbSTSPPc2+p1T+97UVClUUbY+Ea2Yf9VcpwtlWaAsrMpTBCtg5xtv8AjRY4zIGYqgGpBGRzm3A6A7UDEXhOqJ2Rk+EqMFaGMGk0zd6kmdLJNmR29kOG6+82SfI29f7zVcE4a4dWt2QbatJbfpj1P/ceKwfa5S2Cz/Mysfu3pe1SA6lLg7/5rA/gfQUn6d1RV9QvI14FN25AYaicqexzQ7KCcHp2qUkjSHLOzYGkEnOB4psEnYY9KqSpUSSlcm0QIK//ACHkVHI1YzvREKxtOomcrH3OfwzWhPNw4w8tYkbA2KfvWSyOLSqxkMeybbSLuGIsdiiDd5lEsg7kHOn7gPxq24sRPCFbLFc8p/5o++D/AFKT26jqKw1cgjQWXAwDncDwKPtuKyINMw1D+o9annjmnvFlOPLicfbmZ08EscumZSjeK6Hh/A+CzWMEs/GTFJIgLx5QaW7jcdqEubi0uoSHb3uo85rMSSWPKRyuFznY4z60xSlNc8MRkxxhLh2jqW4F/DMO0/F3DA4KmdQQfBwKm/Cf4WijKPduZNOV/wAQxPTI/SubN5eOXZriQ69zgjc1F7q5YBefMAMZGvZsdNqxRnxbA+H7msTFc28RvbbmSoD8RwASSSMfM/ifSm5PDWO9iqA/0gg9fQ58/cPNAaxJmRLiO3LDLxuzKIyDvoAByp8dR0pTXSgIsLTswOZJGCjWnlQOjddvl3oHil5/yx3uYq5iFXnCIuQbiwdyEGXhZtWxzgqcZ3wdjuKz7a2lu5CluoYhdRy2ABXRi8srS1LxSxtE2GAEoLPjcKE6gk4yTjGKG4BOkVrNAVbUpxnbBz0YnqCMY8UEMk9G6uugEoRckkYjwOwCszRkkjBXJbt1zjrtThMjTsu+AT+f0rQvhi2DBMKISTk7qSS2Bq909R8O+9AyaTw9xsGaOCQ+p0/9qrEtEI1ZEeVn5qDAOkYAPj7qM4LxyfhkkxijUiUZx69snqQP+3c0BZuNMsTg6HXsO/Qj0JB6+QKmsKqukHOSCW9PPpXNLozG6Due7P77MzsdTM5ySfNKoQx5bGwPQ0qGjLZ29zYWfOhHskHf/LHms8WNn7Yy+ywadLbcsY6UqVeVs7fJaugF7Fac1h7LDjRnHLFQWytCJB7LDs4A+zFKlTtpeTZpUVvY2gBxawD3v/bHmox2drzSPZocBWPwClSo1J11ApFS2tuetvEf9ApmtLYD/wBPF/sFKlRuTvqFFIrvbaBXTTBGMqc4QeaqW2g1D7CP4h/IKVKiTevUBpbMrkghEJIiQHJ/lHmorbwlYyYoySf6RSpUy3QFKyvkxY/5adP6RUZI0DHCKMHx6UqVGmBSHEaZxoXHjHrSdE5re6vXxSpVpgyqPZ32HaoqAEOABtSpVoLJYAIwBuBmqpGZfhYjUCGweo9aVKuOD+JySYT3299QG3+IeDSIHJkGBgwQgj000qVb2CfUrCrysaRjHTHrVkqgRx4AGWbO3rSpUIsvhA1vsPh/WlSpVprP/9k="`;
